Microchip MPLAB XC8 Compiler V1.42 ()

Linker command line:

-W-3 --edf=C:\Program Files (x86)\Microchip\xc8\v1.42\dat\en_msgs.txt -cs \
  -h+dist/XC8_PIC12F675/production\AlarmSystem.X.production.sym \
  --cmf=dist/XC8_PIC12F675/production\AlarmSystem.X.production.cmf -z \
  -Q12F629 -oC:\Users\SERHII~1.LOZ\AppData\Local\Temp\sbno.2 \
  -Mdist/XC8_PIC12F675/production/AlarmSystem.X.production.map -E1 -ver=XC8 \
  -ASTACK=036h-05dh -pstack=STACK -ACODE=00h-03FEh -ASTRCODE=00h-03FEh \
  -ASTRING=00h-0FFhx3,0300h-03FEh -ACONST=00h-0FFhx3,0300h-03FEh \
  -AENTRY=00h-0FFhx3,0300h-03FEh -ABANK0=020h-05Dh -ARAM=020h-05Dh \
  -AABS1=020h-05Fh -ACOMMON=05Eh-05Fh -ASFR0=00h-01Fh -ASFR1=080h-0DDh \
  -preset_vec=00h,intentry=04h,init,end_init -ppowerup=CODE -pcinit=CODE \
  -pfunctab=CODE -ACONFIG=02007h-02007h -pconfig=CONFIG -DCONFIG=2 \
  -AIDLOC=02000h-02003h -pidloc=IDLOC -DIDLOC=2 -AEEDATA=00h-07Fh/02100h \
  -peeprom_data=EEDATA -DEEDATA=2 -posccal=03FFh -DCODE=2 -DSTRCODE=2 \
  -DSTRING=2 -DCONST=2 -DENTRY=2 -k \
  C:\Users\SERHII~1.LOZ\AppData\Local\Temp\sbno.obj \
  dist/XC8_PIC12F675/production\AlarmSystem.X.production.obj 

Object code version is 3.11

Machine type is 12F629



                Name                               Link     Load   Length Selector   Space Scale
C:\Users\SERHII~1.LOZ\AppData\Local\Temp\sbno.obj
                end_init                              F        F        1        8       0
                reset_vec                             0        0        1        0       0
                config                             2007     2007        1     400E       0
dist/XC8_PIC12F675/production\AlarmSystem.X.production.obj
                cinit                                10       10        B        8       0
                intentry                              4        4        B        8       0
                text4                               156      156        B        8       0
                text3                               172      172        1      2E4       0
                text2                               13A      13A       1C        8       0
                text1                                B4       B4       86        8       0
                swtext1                             16A      16A        8      2D4       0
                maintext                             1B       1B       99        8       0
                cstackBANK0                          20       20        D       20       1
                bssBANK0                             2D       2D        9       20       1
                strings                             161      161        9      2C2       0

TOTAL           Name                               Link     Load   Length     Space
        CLASS   STACK          

        CLASS   CODE           
                end_init                              F        F        1         0
                cinit                                10       10        B         0
                intentry                              4        4        B         0
                reset_vec                             0        0        1         0
                text4                               156      156        B         0
                text3                               172      172        1         0
                text2                               13A      13A       1C         0
                text1                                B4       B4       86         0
                maintext                             1B       1B       99         0

        CLASS   STRCODE        

        CLASS   STRING         
                strings                             161      161        9         0

        CLASS   CONST          
                swtext1                             16A      16A        8         0

        CLASS   ENTRY          

        CLASS   BANK0          
                cstackBANK0                          20       20        D         1
                bssBANK0                             2D       2D        9         1

        CLASS   RAM            

        CLASS   ABS1           
                abs_s1                               5E       5E        2         1

        CLASS   COMMON         

        CLASS   SFR0           

        CLASS   SFR1           

        CLASS   CONFIG         
                config                             2007     2007        1         0

        CLASS   IDLOC          

        CLASS   EEDATA         

        CLASS   BANK1          



SEGMENTS        Name                           Load    Length   Top    Selector   Space  Class     Delta

                reset_vec                      000000  000001  000001         0       0  CODE        2
                intentry                       000004  00015D  000161         8       0  CODE        2
                cstackBANK0                    000020  000016  000036        20       1  BANK0       1
                strings                        000161  000009  00016A       2C2       0  STRING      2
                swtext1                        00016A  000008  000172       2D4       0  CONST       2
                text3                          000172  000001  000173       2E4       0  CODE        2
                config                         002007  000001  002008      400E       0  CONFIG      2


UNUSED ADDRESS RANGES

        Name                Unused          Largest block    Delta
        BANK0            0036-005D             28           1
        CODE             0001-0003              3           2
                         0173-03FE            28C
        CONST            0001-0003              3           2
                         0173-03FE            100
        EEDATA           2100-217F             80           2
        ENTRY            0001-0003              3           2
                         0173-03FE            100
        IDLOC            2000-2003              4           2
        RAM              0036-005D             28           1
        SFR0             0000-001F             20           1
        SFR1             0080-00DD             5E           1
        STACK            0036-005D             28           1
        STRCODE          0001-0003              3           2
                         0173-03FE            28C
        STRING           0001-0003              3           2
                         0173-03FE            100

                                  Symbol Table

_CMCONbits                    (abs)        0019
_ConfigureOscillator          text3        0172
_GPIO                         (abs)        0005
_GPIObits                     (abs)        0005
_InitApp                      text2        013A
_OPTION_REG                   (abs)        0081
_PIR1bits                     (abs)        000C
_T1CONbits                    (abs)        0010
_TRISIObits                   (abs)        0085
_VRCON                        (abs)        0099
_WPUbits                      (abs)        0095
__CFG_BOREN$ON                (abs)        0000
__CFG_CP$OFF                  (abs)        0000
__CFG_CPD$OFF                 (abs)        0000
__CFG_FOSC$INTRCIO            (abs)        0000
__CFG_MCLRE$OFF               (abs)        0000
__CFG_PWRTE$ON                (abs)        0000
__CFG_WDTE$OFF                (abs)        0000
__Habs1                       abs1         07FE
__Hbank0                      bank0        07FE
__Hbank1                      bank1        07FE
__HbssBANK0                   bssBANK0     07FE
__Hcinit                      cinit        001B
__Hclrtext                    clrtext      07FE
__Hcode                       code         07FE
__Hcommon                     common       07FE
__Hconfig                     config       2008
__HcstackBANK0                cstackBANK0  07FE
__HcstackCOMMON               cstackCOMMON 07FE
__Heeprom_data                eeprom_data  0000
__Hend_init                   end_init     0010
__Hfunctab                    functab      0000
__Hidloc                      idloc        0000
__Hinit                       init         000F
__Hintentry                   intentry     000F
__Hmaintext                   maintext     07FE
__Hosccal                     osccal       03FF
__Hpowerup                    powerup      0000
__Hram                        ram          07FE
__Hreset_vec                  reset_vec    0001
__Hsfr0                       sfr0         07FE
__Hsfr1                       sfr1         07FE
__Hspace_0                    (abs)        2008
__Hspace_1                    (abs)        07FE
__Hspace_2                    (abs)        0000
__Hspace_3                    (abs)        0000
__Hstack                      stack        0000
__Hstrings                    strings      07FE
__Htext                       text         07FE
__Labs1                       abs1         07FE
__Lbank0                      bank0        07FE
__Lbank1                      bank1        07FE
__LbssBANK0                   bssBANK0     07FE
__Lcinit                      cinit        0010
__Lclrtext                    clrtext      07FE
__Lcode                       code         07FE
__Lcommon                     common       07FE
__Lconfig                     config       2007
__LcstackBANK0                cstackBANK0  07FE
__LcstackCOMMON               cstackCOMMON 07FE
__Leeprom_data                eeprom_data  0000
__Lend_init                   end_init     000F
__Lfunctab                    functab      0000
__Lidloc                      idloc        0000
__Linit                       init         000F
__Lintentry                   intentry     0004
__Lmaintext                   maintext     07FE
__Losccal                     osccal       03FF
__Lpowerup                    powerup      0000
__Lram                        ram          07FE
__Lreset_vec                  reset_vec    0000
__Lsfr0                       sfr0         07FE
__Lsfr1                       sfr1         07FE
__Lspace_0                    (abs)        0000
__Lspace_1                    (abs)        0000
__Lspace_2                    (abs)        0000
__Lspace_3                    (abs)        0000
__Lstack                      stack        0000
__Lstrings                    strings      07FE
__Ltext                       text         07FE
__S0                          (abs)        2008
__S1                          (abs)        0036
__S2                          (abs)        0000
__S3                          (abs)        0000
___int_sp                     stack        0000
___latbits                    (abs)        0000
___osccal_val                 osccal       03FF
___sp                         stack        0000
__end_of_ConfigureOscillator  text3        0173
__end_of_InitApp              text2        0156
__end_of__initialization      cinit        0019
__end_of__stringtab           strings      0167
__end_of_isr                  text4        0161
__end_of_main                 maintext     00B4
__end_of_num_in               strings      016A
__end_of_unharitate           text1        013A
__initialization              cinit        0010
__pbssBANK0                   bssBANK0     002D
__pcstackBANK0                cstackBANK0  0020
__pcstackCOMMON               cstackCOMMON 0000
__pintentry                   intentry     0004
__pmaintext                   maintext     001B
__pstrings                    strings      0161
__pswtext1                    swtext1      016A
__ptext1                      text1        00B4
__ptext2                      text2        013A
__ptext3                      text3        0172
__ptext4                      text4        0156
__size_of_ConfigureOscillator (abs)        0000
__size_of_InitApp             (abs)        0000
__size_of_isr                 (abs)        0000
__size_of_main                (abs)        0000
__size_of_unharitate          (abs)        0000
__stringbase                  strings      0166
__stringtab                   strings      0161
_isr                          text4        0156
_main                         maintext     001B
_num_in                       strings      0167
_unharitate                   text1        00B4
btemp                         (abs)        005E
end_of_initialization         cinit        0019
interrupt_function            intentry     0004
intlevel0                     functab      0000
intlevel1                     functab      0000
intlevel2                     functab      0000
intlevel3                     functab      0000
intlevel4                     functab      0000
intlevel5                     functab      0000
main@inputs                   cstackBANK0  002A
main@system_state             cstackBANK0  0029
main@timer                    cstackBANK0  002B
reset_vec                     reset_vec    0000
saved_w                       (abs)        005E
stackhi                       (abs)        0000
stacklo                       (abs)        0000
start                         init         000F
start_initialization          cinit        0010
unharitate@cnt                bssBANK0     002D
unharitate@i                  cstackBANK0  0027
unharitate@in_state           bssBANK0     0035
wtemp0                        (abs)        005E


FUNCTION INFORMATION:

 *************** function _main *****************
 Defined at:
		line 63 in file "main.c"
 Parameters:    Size  Location     Type
		None
 Auto vars:     Size  Location     Type
  timer           2   11[BANK0 ] unsigned int 
  inputs          1   10[BANK0 ] unsigned char 
  system_state    1    9[BANK0 ] unsigned char 
 Return value:  Size  Location     Type
                  1    wreg      void 
 Registers used:
		wreg, fsr0l, fsr0h, status,2, status,0, pclath, cstack
 Tracked objects:
		On entry : 
		On exit  : 
		Unchanged: 
 Data sizes:     COMMON   BANK0
      Params:         0       0
      Locals:         0       4
      Temps:          0       1
      Totals:         0       5
Total ram usage:        5 bytes
 Hardware stack levels required when called:    3
 This function calls:
		_ConfigureOscillator
		_InitApp
		_unharitate
 This function is called by:
		Startup code after reset
 This function uses a non-reentrant model


 *************** function _unharitate *****************
 Defined at:
		line 178 in file "main.c"
 Parameters:    Size  Location     Type
		None
 Auto vars:     Size  Location     Type
  i               1    7[BANK0 ] unsigned char 
 Return value:  Size  Location     Type
                  1    wreg      unsigned char 
 Registers used:
		wreg, fsr0l, fsr0h, status,2, status,0, pclath
 Tracked objects:
		On entry : 
		On exit  : 
		Unchanged: 
 Data sizes:     COMMON   BANK0
      Params:         0       0
      Locals:         0       1
      Temps:          0       3
      Totals:         0       4
Total ram usage:        4 bytes
 Hardware stack levels used:    2
 Hardware stack levels required when called:    1
 This function calls:
		Nothing
 This function is called by:
		_main
 This function uses a non-reentrant model


 *************** function _InitApp *****************
 Defined at:
		line 22 in file "user.c"
 Parameters:    Size  Location     Type
		None
 Auto vars:     Size  Location     Type
		None
 Return value:  Size  Location     Type
                  1    wreg      void 
 Registers used:
		wreg, status,2, status,0
 Tracked objects:
		On entry : 
		On exit  : 
		Unchanged: 
 Data sizes:     COMMON   BANK0
      Params:         0       0
      Locals:         0       0
      Temps:          0       0
      Totals:         0       0
Total ram usage:        0 bytes
 Hardware stack levels used:    1
 Hardware stack levels required when called:    1
 This function calls:
		Nothing
 This function is called by:
		_main
 This function uses a non-reentrant model


 *************** function _ConfigureOscillator *****************
 Defined at:
		line 18 in file "system.c"
 Parameters:    Size  Location     Type
		None
 Auto vars:     Size  Location     Type
		None
 Return value:  Size  Location     Type
                  1    wreg      void 
 Registers used:
		None
 Tracked objects:
		On entry : 
		On exit  : 
		Unchanged: 
 Data sizes:     COMMON   BANK0
      Params:         0       0
      Locals:         0       0
      Temps:          0       0
      Totals:         0       0
Total ram usage:        0 bytes
 Hardware stack levels used:    1
 Hardware stack levels required when called:    1
 This function calls:
		Nothing
 This function is called by:
		_main
 This function uses a non-reentrant model


 *************** function _isr *****************
 Defined at:
		line 23 in file "interrupts.c"
 Parameters:    Size  Location     Type
		None
 Auto vars:     Size  Location     Type
		None
 Return value:  Size  Location     Type
                  1    wreg      void 
 Registers used:
		None
 Tracked objects:
		On entry : 
		On exit  : 
		Unchanged: 
 Data sizes:     COMMON   BANK0
      Params:         0       0
      Locals:         0       0
      Temps:          0       4
      Totals:         0       4
Total ram usage:        4 bytes
 Hardware stack levels used:    1
 This function calls:
		Nothing
 This function is called by:
		Interrupt level 1
 This function uses a non-reentrant model



MODULE INFORMATION

Module		Function		Class		Link	Load	Size
interrupts.c
		_isr           		CODE           	0156	0000	12

interrupts.c estimated size: 12

shared
		__stringtab    		STRING         	0161	0000	7
		__initialization		CODE           	0010	0000	10
		_num_in        		STRING         	0167	0000	4

shared estimated size: 21

user.c
		_InitApp       		CODE           	013A	0000	29

user.c estimated size: 29

main.c
		_unharitate    		CODE           	00B4	0000	135
		_main          		CODE           	001B	0000	154

main.c estimated size: 289

system.c
		_ConfigureOscillator		CODE           	0172	0000	2

system.c estimated size: 2

